[www.transdigm.com/index.html]
[backblue.gif]
[fade.gif]
[index.html]
[www.transdigm.com/wp-includes/css/dist/block-library/style.min1eb7.css]
[www.transdigm.com/feed/index.html]
[www.transdigm.com/wp-includes/js/mediaelement/mediaelementplayer-legacy.min08e1.css]
[www.transdigm.com/wp-includes/js/mediaelement/wp-mediaelement.min1eb7.css]
[www.transdigm.com/wp-content/plugins/contact-form-7/includes/css/styles77e1.css]
[www.transdigm.com/comments/feed/index.html]
[www.transdigm.com/wp-content/plugins/cookie-law-info/legacy/public/css/cookie-law-info-public459e.css]
[www.transdigm.com/wp-content/plugins/cookie-law-info/legacy/public/css/cookie-law-info-gdpr459e.css]
[www.transdigm.com/wp-content/plugins/wp-pagenavi/pagenavi-css44fd.css]
[www.transdigm.com/wp-content/themes/inspirekt/css/camera1eb7.css]
[www.transdigm.com/wp-content/themes/inspirekt/css/skeleton5152.css]
[www.transdigm.com/wp-content/themes/inspirekt/css/owl.carousel3ba1.css]
[www.transdigm.com/wp-content/themes/inspirekt/style1eb7.css]
[www.transdigm.com/wp-content/themes/inspirekt/css/layoutd315.css]
[www.transdigm.com/wp-content/plugins/mystickyelements-pro/css/font-awesome.min5d0a.css]
[www.transdigm.com/wp-content/plugins/mystickyelements-pro/css/mystickyelements-front.min5d0a.css]
[www.transdigm.com/wp-content/plugins/mystickyelements-pro/intl-tel-input-src/build/css/intlTelInput5d0a.css]
[www.transdigm.com/wp-content/plugins/jetpack/css/jetpackc0b7.css]
[www.transdigm.com/wp-includes/js/jquery/jquery.minaf6c.js]
[www.transdigm.com/wp-includes/js/jquery/jquery-migrate.mind617.js]
[www.transdigm.com/wp-content/plugins/cookie-law-info/legacy/public/js/cookie-law-info-public459e.js]
[www.transdigm.com/wp-content/themes/inspirekt/js/td-functions1eb7.js]
[www.transdigm.com/wp-json/wp/v2/pages/1261.json]
[www.transdigm.com/wp-json/index.html]
[www.transdigm.com/xmlrpc0db0.php]
[www.transdigm.com/wp-includes/wlwmanifest.xml]
[www.transdigm.com/wp-json/oembed/1.0/embed23ea.json]
[www.transdigm.com/wp-json/oembed/1.0/embedc478]
[www.transdigm.com/wp-content/uploads/2017/05/cropped-transdigm-favicon-32x32.png]
[www.transdigm.com/wp-content/uploads/2017/05/cropped-transdigm-favicon-192x192.png]
[www.transdigm.com/wp-content/uploads/2017/05/cropped-transdigm-favicon-180x180.png]
[www.transdigm.com/wp-content/themes/inspirekt/slick/slick-theme.css]
[www.transdigm.com/wp-content/themes/inspirekt/slick/slick.css]
[www.transdigm.com/wp-content/themes/inspirekt/slick/slick.js]
[www.transdigm.com/wp-content/themes/inspirekt/font-awesome/css/font-awesome.min.css]
[www.transdigm.com/wp-content/themes/inspirekt/td-styles.css]
[www.transdigm.com/wp-content/uploads/2017/03/cropped-transdigm_logob.png]
[www.transdigm.com/wp-content/uploads/2018/08/TDG-GDPR-Privacy-Notice.pdf]
[www.transdigm.com/wp-content/uploads/2017/04/AdobeStock_314563230.jpg]
[www.transdigm.com/investor-relations/index.html]
[www.transdigm.com/investor-relations/news-releases/index.html]
[www.transdigm.com/investor-relations/sec-filings/index.html]
[www.transdigm.com/wp-content/uploads/2017/04/AdobeStock_230306966.jpg]
[www.transdigm.com/investor-relations/presentations/index.html]
[www.transdigm.com/investor-relations/event-calendar/index.html]
[www.transdigm.com/investor-relations/corporate-governance/index.html]
[www.transdigm.com/wp-content/uploads/2017/04/AdobeStock_232130970.jpg]
[www.transdigm.com/investor-relations/investor-faq/index.html]
[www.transdigm.com/wp-content/uploads/2020/07/AdobeStock_189517002.jpg]
[www.transdigm.com/investor-relations/stock-information/index.html]
[www.transdigm.com/investor-relations/shareholder-information/index.html]
[www.transdigm.com/wp-content/uploads/2017/04/AdobeStock_300061121.jpg]
[www.transdigm.com/investor-relations/annual-reports/index.html]
[www.transdigm.com/investor-relations/annual-proxy/index.html]
[www.transdigm.com/wp-content/uploads/2017/04/Amsafe-Factory-cropped.png]
[www.transdigm.com/investor-relations/analysts/index.html]
[www.transdigm.com/investor-relations/e-mail-alerts/index.html]
[www.transdigm.com/investor-relations/dividend-information/index.html]
[www.transdigm.com/wp-content/uploads/2017/04/testslider5.jpg]
[www.transdigm.com/investor-relations/other-information/index.html]
[www.transdigm.com/business-groups/index.html]
[www.transdigm.com/wp-content/uploads/2017/04/Testslider6.jpg]
[www.transdigm.com/business-groups/adams-rite-aerospace/index.html]
[www.transdigm.com/business-groups/aerocontrolex-group/index.html]
[www.transdigm.com/wp-content/uploads/2022/03/TransDigm-2021-Stakeholder-Report-3.25.22-FINAL-pdf-1-Copy.jpg]
[www.transdigm.com/business-groups/adelwiggins-group/index.html]
[www.transdigm.com/business-groups/aerosonic/index.html]
[www.transdigm.com/business-groups/aero-fluid-products/index.html]
[www.transdigm.com/business-groups/airborne-systems-us/index.html]
[www.transdigm.com/business-groups/amsafe-bridport/index.html]
[www.transdigm.com/wp-content/uploads/2022/08/Q3-2022-Icon.png]
[www.transdigm.com/business-groups/arkwin-industries/index.html]
[www.transdigm.com/business-groups/amsafe-passenger-restraints/index.html]
[www.transdigm.com/business-groups/armtec-defense-technologies/index.html]
[www.transdigm.com/business-groups/auxitrol-weston/index.html]
[www.transdigm.com/business-groups/avtechtyee-corporation/index.html]
[www.transdigm.com/wp-content/uploads/2022/08/FY-2022-Q3-Earnings-Call-Slides-FINAL.pdf]
[www.transdigm.com/business-groups/breeze-eastern/index.html]
[www.transdigm.com/wp-content/uploads/2022/06/2021-FY-10K-Annual-Report-Icon-e1654084489424.31.delayed]
[www.transdigm.com/business-groups/canyon-aeroconnect/index.html]
[www.transdigm.com/business-groups/cda-intercorp/index.html]
[www.transdigm.com/business-groups/champion-aerospace/index.html]
[www.transdigm.com/business-groups/chelton-ltd/index.html]
[www.transdigm.com/wp-content/uploads/2022/04/TransDigm-2021-Stakeholder-Report.pdf]
[www.transdigm.com/business-groups/darchem-engineering-limited/index.html]
[www.transdigm.com/business-groups/cmc-electronics/index.html]
[www.transdigm.com/business-groups/dart-aerospace/index.html]
[www.transdigm.com/business-groups/data-device-corporation/index.html]
[www.transdigm.com/wp-content/uploads/2022/06/FY21-10-K-FINAL.pdf]
[www.transdigm.com/business-groups/electromech-technologies/index.html]
[www.transdigm.com/business-groups/elektro-metall-export/index.html]
[www.transdigm.com/wp-content/plugins/contact-form-7/includes/swv/js/index77e1.js]
[www.transdigm.com/business-groups/extant-aerospace-2/index.html]
[www.transdigm.com/business-groups/harcosemco/index.html]
[www.transdigm.com/wp-content/plugins/contact-form-7/includes/js/index77e1.js]
[www.transdigm.com/business-groups/hartwell-corporation/index.html]
[www.transdigm.com/business-groups/hytek-finishes/index.html]
[www.transdigm.com/wp-content/themes/inspirekt/js/camera2fca.js]
[www.transdigm.com/business-groups/irvingq/index.html]
[www.transdigm.com/wp-content/themes/inspirekt/js/jquery.easing.1.34e44.js]
[www.transdigm.com/business-groups/kirkhill-inc/index.html]
[www.transdigm.com/business-groups/korry-electronics/index.html]
[www.transdigm.com/business-groups/leach-international-europe/index.html]
[www.transdigm.com/business-groups/leach-international/index.html]
[www.transdigm.com/wp-content/themes/inspirekt/js/inspirekt-homepage5152.js]
[www.transdigm.com/business-groups/marathonnorco-aerospace/index.html]
[www.transdigm.com/business-groups/mason-controls/index.html]
[www.transdigm.com/wp-content/themes/inspirekt/js/inspirekt-custom5152.js]
[www.transdigm.com/wp-content/themes/inspirekt/js/owl.carousel.min3ba1.js]
[www.transdigm.com/index.html]
[www.transdigm.com/wp-includes/css/dist/block-library/style.min1eb7.css]
[www.transdigm.com/wp-includes/js/mediaelement/mediaelementplayer-legacy.min08e1.css]
[www.transdigm.com/wp-includes/js/mediaelement/wp-mediaelement.min1eb7.css]
[www.transdigm.com/wp-content/plugins/contact-form-7/includes/css/styles77e1.css]
[www.transdigm.com/wp-content/plugins/cookie-law-info/legacy/public/css/cookie-law-info-public459e.css]
[www.transdigm.com/wp-content/plugins/cookie-law-info/legacy/public/css/cookie-law-info-gdpr459e.css]
[www.transdigm.com/wp-content/plugins/wp-pagenavi/pagenavi-css44fd.css]
[www.transdigm.com/wp-content/themes/inspirekt/css/camera1eb7.css]
[www.transdigm.com/wp-content/themes/inspirekt/css/skeleton5152.css]
[www.transdigm.com/wp-content/themes/inspirekt/css/owl.carousel3ba1.css]
[www.transdigm.com/wp-content/themes/inspirekt/style1eb7.css]
[www.transdigm.com/wp-content/themes/inspirekt/css/layoutd315.css]
[www.transdigm.com/wp-content/plugins/mystickyelements-pro/css/font-awesome.min5d0a.css]
[www.transdigm.com/business-groups/nordisk-aviation/index.html]
[www.transdigm.com/wp-content/plugins/mystickyelements-pro/css/mystickyelements-front.min5d0a.css]
[www.transdigm.com/wp-content/plugins/mystickyelements-pro/intl-tel-input-src/build/css/intlTelInput5d0a.css]
[www.transdigm.com/wp-content/plugins/jetpack/css/jetpackc0b7.css]
[www.transdigm.com/wp-content/plugins/accordions/assets/frontend/js/scripts1eb7.js]
[www.transdigm.com/wp-content/themes/inspirekt/slick/slick-theme.css]
[www.transdigm.com/wp-content/themes/inspirekt/slick/slick.css]
[www.transdigm.com/wp-content/themes/inspirekt/font-awesome/css/font-awesome.min.css]
[www.transdigm.com/wp-content/themes/inspirekt/td-styles.css]
[www.transdigm.com/investor-relations/index.html]
[www.transdigm.com/investor-relations/news-releases/index.html]
[www.transdigm.com/investor-relations/sec-filings/index.html]
[www.transdigm.com/investor-relations/presentations/index.html]
[www.transdigm.com/investor-relations/event-calendar/index.html]
[www.transdigm.com/investor-relations/corporate-governance/index.html]
[www.transdigm.com/investor-relations/investor-faq/index.html]
[www.transdigm.com/investor-relations/stock-information/index.html]
[www.transdigm.com/investor-relations/shareholder-information/index.html]
[www.transdigm.com/investor-relations/annual-reports/index.html]
[www.transdigm.com/investor-relations/annual-proxy/index.html]
[www.transdigm.com/investor-relations/analysts/index.html]
[www.transdigm.com/investor-relations/dividend-information/index.html]
[www.transdigm.com/investor-relations/e-mail-alerts/index.html]
[www.transdigm.com/investor-relations/other-information/index.html]
